3050
3025
None
3020
3065
71
2766
1643
415
1263
3000
None
2833